EN lcd NULL D:/Ders/FPGA/Workspace/FinalProject/LCD.vhd sub00/vhpl05 1642302899
AR lcd behavioral D:/Ders/FPGA/Workspace/FinalProject/LCD.vhd sub00/vhpl06 1642259719
EN buttonchecker NULL D:/Ders/FPGA/Workspace/FinalProject/ButtonChecker.vhd sub00/vhpl02 1642189341
EN morsedecoder NULL D:/Ders/FPGA/Workspace/FinalProject/MorseDecoder.vhd sub00/vhpl00 1642302903
AR lcd behavior D:/Ders/FPGA/Workspace/FinalProject/LCD.vhd sub00/vhpl07 1642302900
AR morselookuptable behavioral D:/Ders/FPGA/Workspace/FinalProject/MorseLookUpTable.vhd sub00/vhpl09 1642302902
AR buttoncontroller behavioral D:/Ders/FPGA/Workspace/FinalProject/ButtonController.vhd sub00/vhpl04 1642302898
EN morselookuptable NULL D:/Ders/FPGA/Workspace/FinalProject/MorseLookUpTable.vhd sub00/vhpl08 1642302901
EN buttoncontroller NULL D:/Ders/FPGA/Workspace/FinalProject/ButtonController.vhd sub00/vhpl03 1642302897
AR morsedecoder behavioral D:/Ders/FPGA/Workspace/FinalProject/MorseDecoder.vhd sub00/vhpl01 1642302904
