V3 15
FL D:/Ders/FPGA/Workspace/FinalProject/ButtonChecker.vhd 2022/01/14.22:43:33 P.20131013
EN work/ButtonChecker 0 FL D:/Ders/FPGA/Workspace/FinalProject/ButtonChecker.vhd \
      PB ieee/std_logic_1164 1381692176
AR work/ButtonChecker/Behavioral 0 \
      FL D:/Ders/FPGA/Workspace/FinalProject/ButtonChecker.vhd \
      EN work/ButtonChecker 0
FL D:/Ders/FPGA/Workspace/FinalProject/ButtonController.vhd 2022/01/16.02:11:02 P.20131013
EN work/ButtonController 1642301743 \
      FL D:/Ders/FPGA/Workspace/FinalProject/ButtonController.vhd \
      PB ieee/std_logic_1164 1381692176
AR work/ButtonController/Behavioral 1642301744 \
      FL D:/Ders/FPGA/Workspace/FinalProject/ButtonController.vhd \
      EN work/ButtonController 1642301743
FL D:/Ders/FPGA/Workspace/FinalProject/LCD.vhd 2022/01/16.05:55:36 P.20131013
EN work/LCD 1642301745 FL D:/Ders/FPGA/Workspace/FinalProject/LCD.vhd \
      PB ieee/std_logic_1164 1381692176 PB ieee/std_logic_arith 1381692177 \
      PB ieee/NUMERIC_STD 1381692181
AR work/lcd/behavior 1642301746 \
      FL D:/Ders/FPGA/Workspace/FinalProject/LCD.vhd EN work/LCD 1642301745
FL D:/Ders/FPGA/Workspace/FinalProject/MorseDecoder.vhd 2022/01/16.05:45:35 P.20131013
EN work/MorseDecoder 1642301749 \
      FL D:/Ders/FPGA/Workspace/FinalProject/MorseDecoder.vhd \
      PB ieee/std_logic_1164 1381692176
AR work/MorseDecoder/Behavioral 1642301750 \
      FL D:/Ders/FPGA/Workspace/FinalProject/MorseDecoder.vhd \
      EN work/MorseDecoder 1642301749 AR work/ButtonController/Behavioral 1642301744 \
      AR work/lcd/behavior 1642301746 AR work/MorseLookUpTable/Behavioral 1642301748
FL D:/Ders/FPGA/Workspace/FinalProject/MorseLookUpTable.vhd 2022/01/16.01:18:27 P.20131013
EN work/MorseLookUpTable 1642301747 \
      FL D:/Ders/FPGA/Workspace/FinalProject/MorseLookUpTable.vhd \
      PB ieee/std_logic_1164 1381692176
AR work/MorseLookUpTable/Behavioral 1642301748 \
      FL D:/Ders/FPGA/Workspace/FinalProject/MorseLookUpTable.vhd \
      EN work/MorseLookUpTable 1642301747
